[dash.mywed.id/alviansinta.html]
[backblue.gif]
[fade.gif]
[index.html]
[dash.mywed.id/img/mywed-title.png]
[sobatstorage.s3.ap-southeast-1.wasabisys.com/mywed/GDca3rkL1mZpfM23R85EkEqKz52r8FUSloUTs1v0.jpg]
[dash.mywed.id/theme-10/src/jquery.js]
[dash.mywed.id/theme-10/src/loading-page.1762337592.js]
[dash.mywed.id/theme-10/plugin/selectize/dist/css/selectize.default.css]
[dash.mywed.id/theme-10/plugin/flexbin/flexbin.css]
[dash.mywed.id/theme-10/plugin/aos/dist/aos.css]
[dash.mywed.id/theme-10/plugin/lightgallery/dist/css/lightgallery.css]
[cdnjs.cloudflare.com/ajax/libs/font-awesome/5.9.0/css/all.min.css]
[dash.mywed.id/theme-10/plugin/slick/slick.css]
[dash.mywed.id/theme-10/plugin/modal-video/css/modal-video.min.css]
[vjs.zencdn.net/8.16.1/video-js.css]
[dash.mywed.id/theme-10/src/universalad2a3ce0.css]
[dash.mywed.id/theme-10/src/template/globalad2a3ce0.css]
[dash.mywed.id/theme-10/src/kado-template.1759120915.css]
[dash.mywed.id/theme-10/src/rundown-template.1762934182.css]
[dash.mywed.id/theme-10/src/note-template.1756182997.css]
[dash.mywed.id/theme-10/src/bank-template.1759120915.css]
[dash.mywed.id/theme-10/src/template/exclusive-noir.17624191463ce0.css]
[sobatstorage.s3.ap-southeast-1.wasabisys.com/mywed/k1eS8pKQI6RzTzGRtAjZELEG9f8Jf30hmsTi8U1l.jpg]
[sobatstorage.s3.ap-southeast-1.wasabisys.com/mywed/HN4OYlW1Uvd8vYiYrgYTtlGJDwCUyMvJCWyXqaK4.jpg]
[sobatstorage.s3.ap-southeast-1.wasabisys.com/mywed/OlSudauIEmc9MeB4Ae3EkQDUHPs6BCyXwxjDRzNW.jpg]
[sobatstorage.s3.ap-southeast-1.wasabisys.com/mywed/zrr58Vi7k4hS0bLvsbsBPQEtOfoBNTKarNmCtjks.jpg]
[sobatstorage.s3.ap-southeast-1.wasabisys.com/mywed/swkMFzZGrLg3eHexCzVDzywlYu6yUIUwNa6U8f8X.jpg]
[sobatstorage.s3.ap-southeast-1.wasabisys.com/mywed/jmbL8zUFo7dWfjfgvgbuziKElBKUShZS803rXdTL.jpg]
[sobatstorage.s3.ap-southeast-1.wasabisys.com/mywed/T4N5Fct2fc5fXlAbfTtCFvCd62CQTp3WKb85QVey.jpg]
[sobatstorage.s3.ap-southeast-1.wasabisys.com/mywed/wFWziT8WXmjTmn5ojV2vfNTHIErjLebpn0tAgr72.jpg]
[sobatstorage.s3.ap-southeast-1.wasabisys.com/mywed/E86OuJtlpssvd13qQ0ggRc5L0VsyA658BvUJBr00.jpg]
[sobatstorage.s3.ap-southeast-1.wasabisys.com/mywed/afvfFMph116yHqxeWEEtrwT571gCgpGVS5xCa1cg.jpg]
[sobatstorage.s3.ap-southeast-1.wasabisys.com/mywed/XMvqIPbW54GT8DC6avXbDtfGAlJVi1D6Mdzti8ET.jpg]
[sobatstorage.s3.ap-southeast-1.wasabisys.com/mywed/RWNNiid33EzwgXmDyTJoRccVbw5RtgdXxXfkFRGY.jpg]
[sobatstorage.s3.ap-southeast-1.wasabisys.com/mywed/ypIHOUp2qy1XoAVSpbibRbhI8bRvITB1GKaLKzfJ.jpg]
[sobatstorage.s3.ap-southeast-1.wasabisys.com/mywed/PDgHBku9LfgWvhUdRFOenUP16J8DjHQc5HGrbnEw.jpg]
[sobatstorage.s3.ap-southeast-1.wasabisys.com/mywed/sf5wBAOGAWtSZwTbI6UW9w2cyuKMM0Q3oXkFbimb.jpg]
[sobatstorage.s3.ap-southeast-1.wasabisys.com/mywed/EGmPzXutdBRbAHuqXoAJplvGPn3IoVF8jV06HTRH.jpg]
[sobatstorage.s3.ap-southeast-1.wasabisys.com/mywed/eSlGAGcHNsW2ybzDcbRz1YcqlxTDavI66zpj6mah.jpg]
[cdn.jsdelivr.net/npm/tsparticles@3.9.1/tsparticles.bundle.min.js]
[dash.mywed.id/theme-10/plugin/aos/dist/aos.js]
[dash.mywed.id/theme-10/plugin/slick/slick.min.js]
[dash.mywed.id/theme-10/plugin/selectize/dist/js/standalone/selectize.min.js]
[dash.mywed.id/theme-10/plugin/modal-video/js/jquery-modal-video.min.js]
[dash.mywed.id/theme-10/plugin/lightgallery/dist/js/lightgallery.min.js]
[vjs.zencdn.net/8.16.1/video.min.js]
[unpkg.com/videojs-youtube@3.0.1/dist/Youtube.min.js]
[dash.mywed.id/theme-10/src/universalad2aad2a.js]
[dash.mywed.id/theme-10/src/template/templatead2aad2a.js]
[dash.mywed.id/theme-10/src/template/js/exclusive-noirad2aad2a.js]
[cdnjs.cloudflare.com/ajax/libs/jquery-validate/1.19.5/jquery.validate.min.js]
[dash.mywed.id/alviansinta.html]
[dash.mywed.id/theme-10/plugin/selectize/dist/css/selectize.default.css]
[dash.mywed.id/theme-10/plugin/flexbin/flexbin.css]
[dash.mywed.id/theme-10/plugin/aos/dist/aos.css]
[cdnjs.cloudflare.com/ajax/libs/izitoast/1.4.0/js/iziToast.min.js]
[dash.mywed.id/theme-10/plugin/lightgallery/dist/fonts/lg83068306.ttf]
[dash.mywed.id/theme-10/plugin/lightgallery/dist/fonts/lg83068306.woff]
[dash.mywed.id/theme-10/plugin/lightgallery/dist/fonts/lg83068306.svg]
[dash.mywed.id/theme-10/plugin/lightgallery/dist/img/vimeo-play.png]
[dash.mywed.id/theme-10/plugin/lightgallery/dist/img/video-play.png]
[dash.mywed.id/theme-10/plugin/lightgallery/dist/img/youtube-play.png]
[dash.mywed.id/theme-10/plugin/lightgallery/dist/img/loading.gif]
[dash.mywed.id/theme-10/plugin/lightgallery/dist/css/lightgallery.css]
[cdnjs.cloudflare.com/ajax/libs/font-awesome/5.9.0/css/all.min.css]
[dash.mywed.id/theme-10/plugin/slick/slick.css]
[dash.mywed.id/theme-10/plugin/modal-video/css/modal-video.min.css]
[vjs.zencdn.net/8.16.1/video-js.css]
[dash.mywed.id/katsudoto.id/media/kat/bg-wa-box-fix.jpg]
[dash.mywed.id/theme-10/src/universalad2a3ce0.css]
[dash.mywed.id/katsudoto.id/media/template/icon/gold/01.html]
[dash.mywed.id/katsudoto.id/media/template/icon/gold/02.html]
[dash.mywed.id/katsudoto.id/media/template/icon/gold/03.html]
[dash.mywed.id/katsudoto.id/media/template/icon/gold/04.html]
[dash.mywed.id/katsudoto.id/media/template/icon/gold/05.html]
[dash.mywed.id/katsudoto.id/media/template/icon/gray/01.html]
[dash.mywed.id/katsudoto.id/media/template/icon/gray/02.html]
[dash.mywed.id/katsudoto.id/media/template/icon/gray/03.html]
[dash.mywed.id/katsudoto.id/media/template/icon/gray/04.html]
[dash.mywed.id/katsudoto.id/media/template/icon/gray/05.html]
[dash.mywed.id/katsudoto.id/media/template/icon/light/01.html]
[dash.mywed.id/katsudoto.id/media/template/icon/light/02.html]
[dash.mywed.id/katsudoto.id/media/template/icon/light/03.html]
[dash.mywed.id/katsudoto.id/media/template/icon/light/04.html]
[dash.mywed.id/katsudoto.id/media/template/icon/light/05.html]
[dash.mywed.id/katsudoto.id/media/template/nanda/01/orn-01.png]
[dash.mywed.id/katsudoto.id/media/template/nanda/01/orn-02.png]
[dash.mywed.id/katsudoto.id/media/template/nanda/01/orn-03.png]
[dash.mywed.id/katsudoto.id/media/template/nanda/01/orn-04.png]
[dash.mywed.id/katsudoto.id/media/template/nanda/01/orn-05.png]
[dash.mywed.id/katsudoto.id/media/template/nanda/01/orn-06.png]
[dash.mywed.id/katsudoto.id/media/template/nanda/01/orn-07.png]
[dash.mywed.id/katsudoto.id/media/template/nanda/01/orn-08.png]
[dash.mywed.id/katsudoto.id/media/template/nanda/01/orn-cover-desktop.png]
[dash.mywed.id/katsudoto.id/media/template/nanda/01/orn-cover-tablet.png]
[dash.mywed.id/katsudoto.id/media/template/nanda/01/orn-cover-mobile.png]
[dash.mywed.id/katsudoto.id/media/template/nanda/01/bg-cover.png]
[dash.mywed.id/katsudoto.id/media/template/nanda/01/bg-cover-mobile.png]
[dash.mywed.id/katsudoto.id/media/template/nanda/01/bg-countdown.png]
[dash.mywed.id/katsudoto.id/media/template/nanda/01/bg-groom.png]
[dash.mywed.id/katsudoto.id/media/template/nanda/01/bg-bride.png]
[dash.mywed.id/katsudoto.id/media/template/nanda/01/palace.png]
[dash.mywed.id/theme-9/media/template/details/music.png]
[dash.mywed.id/theme-10/src/template/globalad2a3ce0.css]
[dash.mywed.id/theme-10/src/kado-template.1759120915.css]
[dash.mywed.id/theme-10/src/rundown-template.1762934182.css]
[dash.mywed.id/theme-10/src/note-template.1756182997.css]
[dash.mywed.id/theme-10/src/bank-template.1759120915.css]
[dash.mywed.id/theme-10/src/template/exclusive-noir.17624191463ce0.css]
[dash.mywed.id/theme-10/plugin/lightgallery/dist/fonts/lg83068306.svg]
[dash.mywed.id/katsudoto.id/media/kat/bg-wa-box-fix.html]
[dash.mywed.id/katsudoto.id/media/template/icon/gold/01.html]
[dash.mywed.id/katsudoto.id/media/template/icon/gold/02.html]
[dash.mywed.id/katsudoto.id/media/template/icon/gold/03.html]
[dash.mywed.id/katsudoto.id/media/template/icon/gold/04.html]
[dash.mywed.id/katsudoto.id/media/template/icon/gold/05.html]
[dash.mywed.id/katsudoto.id/media/template/icon/gray/01.html]
[dash.mywed.id/katsudoto.id/media/template/icon/gray/02.html]
[dash.mywed.id/katsudoto.id/media/template/icon/gray/03.html]
[dash.mywed.id/katsudoto.id/media/template/icon/gray/04.html]
[dash.mywed.id/katsudoto.id/media/template/icon/gray/05.html]
[dash.mywed.id/katsudoto.id/media/template/icon/light/01.html]
[dash.mywed.id/katsudoto.id/media/template/icon/light/02.html]
[dash.mywed.id/katsudoto.id/media/template/icon/light/03.html]
[dash.mywed.id/katsudoto.id/media/template/icon/light/04.html]
[dash.mywed.id/katsudoto.id/media/template/icon/light/05.html]
[dash.mywed.id/katsudoto.id/media/template/nanda/01/orn-01.html]
[dash.mywed.id/katsudoto.id/media/template/nanda/01/orn-02.html]
[dash.mywed.id/katsudoto.id/media/template/nanda/01/orn-03.html]
[dash.mywed.id/katsudoto.id/media/template/nanda/01/orn-04.html]
[dash.mywed.id/katsudoto.id/media/template/nanda/01/orn-05.html]
[dash.mywed.id/katsudoto.id/media/template/nanda/01/orn-06.html]
[dash.mywed.id/katsudoto.id/media/template/nanda/01/orn-07.html]
[dash.mywed.id/katsudoto.id/media/template/nanda/01/orn-08.html]
[dash.mywed.id/katsudoto.id/media/template/nanda/01/orn-cover-desktop.html]
[dash.mywed.id/katsudoto.id/media/template/nanda/01/orn-cover-tablet.html]
[dash.mywed.id/katsudoto.id/media/template/nanda/01/orn-cover-mobile.html]
[dash.mywed.id/katsudoto.id/media/template/nanda/01/bg-cover.html]
[dash.mywed.id/katsudoto.id/media/template/nanda/01/bg-cover-mobile.html]
[dash.mywed.id/katsudoto.id/media/template/nanda/01/bg-countdown.html]
[dash.mywed.id/katsudoto.id/media/template/nanda/01/bg-groom.html]
[dash.mywed.id/katsudoto.id/media/template/nanda/01/bg-bride.html]
[dash.mywed.id/katsudoto.id/media/template/nanda/01/palace.html]
